// Jest Snapshot v1, https://goo.gl/fbAQLP

exports[`should render expense item 1`] = `ShallowWrapper {}`;
